Archive member included to satisfy reference by file (symbol)

C:/ST/STM32CubeIDE_1.12.1/STM32CubeIDE/plugins/com.st.stm32cube.ide.mcu.externaltools.gnu-tools-for-stm32.11.3.rel1.win32_1.1.0.202305231506/tools/bin/../lib/gcc/arm-none-eabi/11.3.1/../../../../arm-none-eabi/lib/thumb/v7e-m/nofp\libc_nano.a(libc_a-exit.o)
                              C:/ST/STM32CubeIDE_1.12.1/STM32CubeIDE/plugins/com.st.stm32cube.ide.mcu.externaltools.gnu-tools-for-stm32.11.3.rel1.win32_1.1.0.202305231506/tools/bin/../lib/gcc/arm-none-eabi/11.3.1/../../../../arm-none-eabi/lib/thumb/v7e-m/nofp/crt0.o (exit)
C:/ST/STM32CubeIDE_1.12.1/STM32CubeIDE/plugins/com.st.stm32cube.ide.mcu.externaltools.gnu-tools-for-stm32.11.3.rel1.win32_1.1.0.202305231506/tools/bin/../lib/gcc/arm-none-eabi/11.3.1/../../../../arm-none-eabi/lib/thumb/v7e-m/nofp\libc_nano.a(libc_a-findfp.o)
                              C:/ST/STM32CubeIDE_1.12.1/STM32CubeIDE/plugins/com.st.stm32cube.ide.mcu.externaltools.gnu-tools-for-stm32.11.3.rel1.win32_1.1.0.202305231506/tools/bin/../lib/gcc/arm-none-eabi/11.3.1/../../../../arm-none-eabi/lib/thumb/v7e-m/nofp\libc_nano.a(libc_a-exit.o) (__stdio_exit_handler)
C:/ST/STM32CubeIDE_1.12.1/STM32CubeIDE/plugins/com.st.stm32cube.ide.mcu.externaltools.gnu-tools-for-stm32.11.3.rel1.win32_1.1.0.202305231506/tools/bin/../lib/gcc/arm-none-eabi/11.3.1/../../../../arm-none-eabi/lib/thumb/v7e-m/nofp\libc_nano.a(libc_a-fwalk.o)
                              C:/ST/STM32CubeIDE_1.12.1/STM32CubeIDE/plugins/com.st.stm32cube.ide.mcu.externaltools.gnu-tools-for-stm32.11.3.rel1.win32_1.1.0.202305231506/tools/bin/../lib/gcc/arm-none-eabi/11.3.1/../../../../arm-none-eabi/lib/thumb/v7e-m/nofp\libc_nano.a(libc_a-findfp.o) (_fwalk_sglue)
C:/ST/STM32CubeIDE_1.12.1/STM32CubeIDE/plugins/com.st.stm32cube.ide.mcu.externaltools.gnu-tools-for-stm32.11.3.rel1.win32_1.1.0.202305231506/tools/bin/../lib/gcc/arm-none-eabi/11.3.1/../../../../arm-none-eabi/lib/thumb/v7e-m/nofp\libc_nano.a(libc_a-stdio.o)
                              C:/ST/STM32CubeIDE_1.12.1/STM32CubeIDE/plugins/com.st.stm32cube.ide.mcu.externaltools.gnu-tools-for-stm32.11.3.rel1.win32_1.1.0.202305231506/tools/bin/../lib/gcc/arm-none-eabi/11.3.1/../../../../arm-none-eabi/lib/thumb/v7e-m/nofp\libc_nano.a(libc_a-findfp.o) (__sread)
C:/ST/STM32CubeIDE_1.12.1/STM32CubeIDE/plugins/com.st.stm32cube.ide.mcu.externaltools.gnu-tools-for-stm32.11.3.rel1.win32_1.1.0.202305231506/tools/bin/../lib/gcc/arm-none-eabi/11.3.1/../../../../arm-none-eabi/lib/thumb/v7e-m/nofp\libc_nano.a(libc_a-memset.o)
                              C:/ST/STM32CubeIDE_1.12.1/STM32CubeIDE/plugins/com.st.stm32cube.ide.mcu.externaltools.gnu-tools-for-stm32.11.3.rel1.win32_1.1.0.202305231506/tools/bin/../lib/gcc/arm-none-eabi/11.3.1/../../../../arm-none-eabi/lib/thumb/v7e-m/nofp/crt0.o (memset)
C:/ST/STM32CubeIDE_1.12.1/STM32CubeIDE/plugins/com.st.stm32cube.ide.mcu.externaltools.gnu-tools-for-stm32.11.3.rel1.win32_1.1.0.202305231506/tools/bin/../lib/gcc/arm-none-eabi/11.3.1/../../../../arm-none-eabi/lib/thumb/v7e-m/nofp\libc_nano.a(libc_a-closer.o)
                              C:/ST/STM32CubeIDE_1.12.1/STM32CubeIDE/plugins/com.st.stm32cube.ide.mcu.externaltools.gnu-tools-for-stm32.11.3.rel1.win32_1.1.0.202305231506/tools/bin/../lib/gcc/arm-none-eabi/11.3.1/../../../../arm-none-eabi/lib/thumb/v7e-m/nofp\libc_nano.a(libc_a-stdio.o) (_close_r)
C:/ST/STM32CubeIDE_1.12.1/STM32CubeIDE/plugins/com.st.stm32cube.ide.mcu.externaltools.gnu-tools-for-stm32.11.3.rel1.win32_1.1.0.202305231506/tools/bin/../lib/gcc/arm-none-eabi/11.3.1/../../../../arm-none-eabi/lib/thumb/v7e-m/nofp\libc_nano.a(libc_a-reent.o)
                              C:/ST/STM32CubeIDE_1.12.1/STM32CubeIDE/plugins/com.st.stm32cube.ide.mcu.externaltools.gnu-tools-for-stm32.11.3.rel1.win32_1.1.0.202305231506/tools/bin/../lib/gcc/arm-none-eabi/11.3.1/../../../../arm-none-eabi/lib/thumb/v7e-m/nofp\libc_nano.a(libc_a-closer.o) (errno)
C:/ST/STM32CubeIDE_1.12.1/STM32CubeIDE/plugins/com.st.stm32cube.ide.mcu.externaltools.gnu-tools-for-stm32.11.3.rel1.win32_1.1.0.202305231506/tools/bin/../lib/gcc/arm-none-eabi/11.3.1/../../../../arm-none-eabi/lib/thumb/v7e-m/nofp\libc_nano.a(libc_a-impure.o)
                              C:/ST/STM32CubeIDE_1.12.1/STM32CubeIDE/plugins/com.st.stm32cube.ide.mcu.externaltools.gnu-tools-for-stm32.11.3.rel1.win32_1.1.0.202305231506/tools/bin/../lib/gcc/arm-none-eabi/11.3.1/../../../../arm-none-eabi/lib/thumb/v7e-m/nofp\libc_nano.a(libc_a-reent.o) (_impure_ptr)
C:/ST/STM32CubeIDE_1.12.1/STM32CubeIDE/plugins/com.st.stm32cube.ide.mcu.externaltools.gnu-tools-for-stm32.11.3.rel1.win32_1.1.0.202305231506/tools/bin/../lib/gcc/arm-none-eabi/11.3.1/../../../../arm-none-eabi/lib/thumb/v7e-m/nofp\libc_nano.a(libc_a-lseekr.o)
[...]
Memory Configuration

Name             Origin             Length             Attributes
RAM              0x0000000020000000 0x0000000000020000 xrw
FLASH            0x0000000008000000 0x0000000000080000 xr
*default*        0x0000000000000000 0xffffffffffffffff

Linker script and memory map

LOAD C:/ST/STM32CubeIDE_1.12.1/STM32CubeIDE/plugins/com.st.stm32cube.ide.mcu.externaltools.gnu-tools-for-stm32.11.3.rel1.win32_1.1.0.202305231506/tools/bin/../lib/gcc/arm-none-eabi/11.3.1/thumb/v7e-m/nofp/crti.o
LOAD C:/ST/STM32CubeIDE_1.12.1/STM32CubeIDE/plugins/com.st.stm32cube.ide.mcu.externaltools.gnu-tools-for-stm32.11.3.rel1.win32_1.1.0.202305231506/tools/bin/../lib/gcc/arm-none-eabi/11.3.1/thumb/v7e-m/nofp/crtbegin.o
LOAD C:/ST/STM32CubeIDE_1.12.1/STM32CubeIDE/plugins/com.st.stm32cube.ide.mcu.externaltools.gnu-tools-for-stm32.11.3.rel1.win32_1.1.0.202305231506/tools/bin/../lib/gcc/arm-none-eabi/11.3.1/../../../../arm-none-eabi/lib/thumb/v7e-m/nofp/crt0.o
LOAD ./Drivers/CPU/src/cpu.o
LOAD ./Drivers/EXTI/src/exti.o
LOAD ./Drivers/GPIO/src/gpio.o
LOAD ./Drivers/GPTIIM/src/gpt.o
LOAD ./Drivers/RCC/src/rcc.o
LOAD ./Drivers/UART/src/uart.o
LOAD ./Src/main.o
LOAD ./Src/syscalls.o
LOAD ./Src/sysmem.o
LOAD ./Startup/startup_stm32f446retx.o
START GROUP
LOAD C:/ST/STM32CubeIDE_1.12.1/STM32CubeIDE/plugins/com.st.stm32cube.ide.mcu.externaltools.gnu-tools-for-stm32.11.3.rel1.win32_1.1.0.202305231506/tools/bin/../lib/gcc/arm-none-eabi/11.3.1/../../../../arm-none-eabi/lib/thumb/v7e-m/nofp\libc_nano.a
LOAD C:/ST/STM32CubeIDE_1.12.1/STM32CubeIDE/plugins/com.st.stm32cube.ide.mcu.externaltools.gnu-tools-for-stm32.11.3.rel1.win32_1.1.0.202305231506/tools/bin/../lib/gcc/arm-none-eabi/11.3.1/../../../../arm-none-eabi/lib/thumb/v7e-m/nofp\libm.a
END GROUP
START GROUP
LOAD C:/ST/STM32CubeIDE_1.12.1/STM32CubeIDE/plugins/com.st.stm32cube.ide.mcu.externaltools.gnu-tools-for-stm32.11.3.rel1.win32_1.1.0.202305231506/tools/bin/../lib/gcc/arm-none-eabi/11.3.1/thumb/v7e-m/nofp\libgcc.a
LOAD C:/ST/STM32CubeIDE_1.12.1/STM32CubeIDE/plugins/com.st.stm32cube.ide.mcu.externaltools.gnu-tools-for-stm32.11.3.rel1.win32_1.1.0.202305231506/tools/bin/../lib/gcc/arm-none-eabi/11.3.1/../../../../arm-none-eabi/lib/thumb/v7e-m/nofp\libc_nano.a
END GROUP
START GROUP
LOAD C:/ST/STM32CubeIDE_1.12.1/STM32CubeIDE/plugins/com.st.stm32cube.ide.mcu.externaltools.gnu-tools-for-stm32.11.3.rel1.win32_1.1.0.202305231506/tools/bin/../lib/gcc/arm-none-eabi/11.3.1/thumb/v7e-m/nofp\libgcc.a
LOAD C:/ST/STM32CubeIDE_1.12.1/STM32CubeIDE/plugins/com.st.stm32cube.ide.mcu.externaltools.gnu-tools-for-stm32.11.3.rel1.win32_1.1.0.202305231506/tools/bin/../lib/gcc/arm-none-eabi/11.3.1/../../../../arm-none-eabi/lib/thumb/v7e-m/nofp\libc_nano.a
LOAD C:/ST/STM32CubeIDE_1.12.1/STM32CubeIDE/plugins/com.st.stm32cube.ide.mcu.externaltools.gnu-tools-for-stm32.11.3.rel1.win32_1.1.0.202305231506/tools/bin/../lib/gcc/arm-none-eabi/11.3.1/../../../../arm-none-eabi/lib/thumb/v7e-m/nofp\libnosys.a
END GROUP
START GROUP
LOAD C:/ST/STM32CubeIDE_1.12.1/STM32CubeIDE/plugins/com.st.stm32cube.ide.mcu.externaltools.gnu-tools-for-stm32.11.3.rel1.win32_1.1.0.202305231506/tools/bin/../lib/gcc/arm-none-eabi/11.3.1/thumb/v7e-m/nofp\libgcc.a
LOAD C:/ST/STM32CubeIDE_1.12.1/STM32CubeIDE/plugins/com.st.stm32cube.ide.mcu.externaltools.gnu-tools-for-stm32.11.3.rel1.win32_1.1.0.202305231506/tools/bin/../lib/gcc/arm-none-eabi/11.3.1/../../../../arm-none-eabi/lib/thumb/v7e-m/nofp\libc_nano.a
LOAD C:/ST/STM32CubeIDE_1.12.1/STM32CubeIDE/plugins/com.st.stm32cube.ide.mcu.externaltools.gnu-tools-for-stm32.11.3.rel1.win32_1.1.0.202305231506/tools/bin/../lib/gcc/arm-none-eabi/11.3.1/../../../../arm-none-eabi/lib/thumb/v7e-m/nofp\libnosys.a
END GROUP
LOAD C:/ST/STM32CubeIDE_1.12.1/STM32CubeIDE/plugins/com.st.stm32cube.ide.mcu.externaltools.gnu-tools-for-stm32.11.3.rel1.win32_1.1.0.202305231506/tools/bin/../lib/gcc/arm-none-eabi/11.3.1/thumb/v7e-m/nofp/crtend.o
LOAD C:/ST/STM32CubeIDE_1.12.1/STM32CubeIDE/plugins/com.st.stm32cube.ide.mcu.externaltools.gnu-tools-for-stm32.11.3.rel1.win32_1.1.0.202305231506/tools/bin/../lib/gcc/arm-none-eabi/11.3.1/thumb/v7e-m/nofp/crtn.o
                0x0000000020020000                _estack = (ORIGIN (RAM) + LENGTH (RAM))
                0x0000000000000200                _Min_Heap_Size = 0x200
                0x0000000000000400                _Min_Stack_Size = 0x400

.isr_vector     0x0000000008000000      0x1c4
                0x0000000008000000                . = ALIGN (0x4)
 *(.isr_vector)
 .isr_vector    0x0000000008000000      0x1c4 ./Startup/startup_stm32f446retx.o
                0x0000000008000000                g_pfnVectors
                0x00000000080001c4                . = ALIGN (0x4)

.text           0x00000000080001c4     0x2654
                0x00000000080001c4                . = ALIGN (0x4)
 *(.text)
 .text          0x00000000080001c4       0x40 C:/ST/STM32CubeIDE_1.12.1/STM32CubeIDE/plugins/com.st.stm32cube.ide.mcu.externaltools.gnu-tools-for-stm32.11.3.rel1.win32_1.1.0.202305231506/tools/bin/../lib/gcc/arm-none-eabi/11.3.1/thumb/v7e-m/nofp/crtbegin.o
 .text          0x0000000008000204       0x14 C:/ST/STM32CubeIDE_1.12.1/STM32CubeIDE/plugins/com.st.stm32cube.ide.mcu.externaltools.gnu-tools-for-stm32.11.3.rel1.win32_1.1.0.202305231506/tools/bin/../lib/gcc/arm-none-eabi/11.3.1/../../../../arm-none-eabi/lib/thumb/v7e-m/nofp\libc_nano.a(libc_a-strcmp.o)
                0x0000000008000204                strcmp
 .text          0x0000000008000218      0x378 C:/ST/STM32CubeIDE_1.12.1/STM32CubeIDE/plugins/com.st.stm32cube.ide.mcu.externaltools.gnu-tools-for-stm32.11.3.rel1.win32_1.1.0.202305231506/tools/bin/../lib/gcc/arm-none-eabi/11.3.1/thumb/v7e-m/nofp\libgcc.a(_arm_addsubdf3.o)
                0x0000000008000218                __aeabi_drsub
                0x0000000008000220                __aeabi_dsub
                0x0000000008000220                __subdf3
                0x0000000008000224                __aeabi_dadd
                0x0000000008000224                __adddf3
                0x000000000800049c                __floatunsidf
                0x000000000800049c                __aeabi_ui2d
                0x00000000080004bc                __floatsidf
                0x00000000080004bc                __aeabi_i2d
                0x00000000080004e0                __aeabi_f2d
                0x00000000080004e0                __extendsfdf2
                0x0000000008000524                __floatundidf
                0x0000000008000524                __aeabi_ul2d
                0x0000000008000534                __floatdidf
                0x0000000008000534                __aeabi_l2d
 .text          0x0000000008000590      0x424 C:/ST/STM32CubeIDE_1.12.1/STM32CubeIDE/plugins/com.st.stm32cube.ide.mcu.externaltools.gnu-tools-for-stm32.11.3.rel1.win32_1.1.0.202305231506/tools/bin/../lib/gcc/arm-none-eabi/11.3.1/thumb/v7e-m/nofp\libgcc.a(_arm_muldivdf3.o)
                0x0000000008000590                __aeabi_dmul
                0x0000000008000590                __muldf3
                0x00000000080007e4                __divdf3
                0x00000000080007e4                __aeabi_ddiv
 .text          0x00000000080009b4       0x40 C:/ST/STM32CubeIDE_1.12.1/STM32CubeIDE/plugins/com.st.stm32cube.ide.mcu.externaltools.gnu-tools-for-stm32.11.3.rel1.win32_1.1.0.202305231506/tools/bin/../lib/gcc/arm-none-eabi/11.3.1/thumb/v7e-m/nofp\libgcc.a(_arm_fixunsdfsi.o)
                0x00000000080009b4                __aeabi_d2uiz
                0x00000000080009b4                __fixunsdfsi
 *(.text*)
 .text.SysTick_Handler
                0x00000000080009f4       0x1c ./Drivers/CPU/src/cpu.o
                0x00000000080009f4                SysTick_Handler
 .text.pin_mode
                0x0000000008000a10      0x128 ./Drivers/GPIO/src/gpio.o
 .text.pin_outut_type
                0x0000000008000b38       0x5a ./Drivers/GPIO/src/gpio.o
 .text.pin_pull_type
                0x0000000008000b92       0xe4 ./Drivers/GPIO/src/gpio.o
 .text.pin_init
                0x0000000008000c76       0x64 ./Drivers/GPIO/src/gpio.o
                0x0000000008000c76                pin_init
 .text.pin_level
                0x0000000008000cda       0x46 ./Drivers/GPIO/src/gpio.o
                0x0000000008000cda                pin_level
 .text.pin_af   0x0000000008000d20     0x1102 ./Drivers/GPIO/src/gpio.o
                0x0000000008000d20                pin_af
 *fill*         0x0000000008001e22        0x2 
 .text.AHB_PRE_SELECT
                0x0000000008001e24      0x240 ./Drivers/RCC/src/rcc.o
 .text.APB1_PRE_SELECT
                0x0000000008002064       0xfc ./Drivers/RCC/src/rcc.o
 .text.APB2_PRE_SELECT
                0x0000000008002160       0xfc ./Drivers/RCC/src/rcc.o
 .text.rcc_sys_init_pllr_32MHz_all
                0x000000000800225c      0x184 ./Drivers/RCC/src/rcc.o
                0x000000000800225c                rcc_sys_init_pllr_32MHz_all
 .text.rcc_ahb1_clk_enable
                0x00000000080023e0       0x2c ./Drivers/RCC/src/rcc.o
                0x00000000080023e0                rcc_ahb1_clk_enable
 .text.rcc_apb1_clk_enable
                0x000000000800240c       0x2c ./Drivers/RCC/src/rcc.o
                0x000000000800240c                rcc_apb1_clk_enable
 .text.usart_init
                0x0000000008002438      0x1c4 ./Drivers/UART/src/uart.o
                0x0000000008002438                usart_init
 .text.usart_read
                0x00000000080025fc       0x26 ./Drivers/UART/src/uart.o
                0x00000000080025fc                usart_read
 .text.usart_read_string
                0x0000000008002622       0x3e ./Drivers/UART/src/uart.o
                0x0000000008002622                usart_read_string
 .text.main     0x0000000008002660      0x104 ./Src/main.o
                0x0000000008002660                main
 .text.Reset_Handler
                0x0000000008002764       0x50 ./Startup/startup_stm32f446retx.o
                0x0000000008002764                Reset_Handler
 .text.Default_Handler
                0x00000000080027b4        0x2 ./Startup/startup_stm32f446retx.o
                0x00000000080027b4                RTC_Alarm_IRQHandler
                0x00000000080027b4                EXTI2_IRQHandler
                0x00000000080027b4                TIM8_CC_IRQHandler
                0x00000000080027b4                SPDIF_Rx_IRQHandler
                0x00000000080027b4                DebugMon_Handler
                0x00000000080027b4                SPI4_IRQHandler
                0x00000000080027b4                TIM1_CC_IRQHandler
                0x00000000080027b4                QuadSPI_IRQHandler
                0x00000000080027b4                DMA2_Stream5_IRQHandler
                0x00000000080027b4                HardFault_Handler
                0x00000000080027b4                DMA1_Stream5_IRQHandler
                0x00000000080027b4                PVD_IRQHandler
                0x00000000080027b4                SDIO_IRQHandler
                0x00000000080027b4                TAMP_STAMP_IRQHandler
                0x00000000080027b4                PendSV_Handler
                0x00000000080027b4                NMI_Handler
                0x00000000080027b4                CAN2_RX1_IRQHandler
                0x00000000080027b4                EXTI3_IRQHandler
                0x00000000080027b4                TIM8_TRG_COM_TIM14_IRQHandler
                0x00000000080027b4                TIM1_UP_TIM10_IRQHandler
                0x00000000080027b4                FMPI2C1_error_IRQHandler
                0x00000000080027b4                TIM8_UP_TIM13_IRQHandler
                0x00000000080027b4                I2C3_ER_IRQHandler
                0x00000000080027b4                EXTI0_IRQHandler
                0x00000000080027b4                I2C2_EV_IRQHandler
                0x00000000080027b4                DMA1_Stream2_IRQHandler
                0x00000000080027b4                CAN1_RX0_IRQHandler
                0x00000000080027b4                OTG_HS_WKUP_IRQHandler
                0x00000000080027b4                UsageFault_Handler
                0x00000000080027b4                CAN2_SCE_IRQHandler
                0x00000000080027b4                DMA2_Stream2_IRQHandler
                0x00000000080027b4                SPI1_IRQHandler
                0x00000000080027b4                TIM6_DAC_IRQHandler
                0x00000000080027b4                TIM1_BRK_TIM9_IRQHandler
                0x00000000080027b4                DCMI_IRQHandler
                0x00000000080027b4                CAN2_RX0_IRQHandler
                0x00000000080027b4                DMA2_Stream3_IRQHandler
                0x00000000080027b4                FMPI2C1_IRQHandler
                0x00000000080027b4                SAI2_IRQHandler
                0x00000000080027b4                USART6_IRQHandler
                0x00000000080027b4                USART3_IRQHandler
                0x00000000080027b4                CAN1_RX1_IRQHandler
                0x00000000080027b4                UART5_IRQHandler
                0x00000000080027b4                DMA2_Stream0_IRQHandler
                0x00000000080027b4                TIM4_IRQHandler
                0x00000000080027b4                I2C1_EV_IRQHandler
                0x00000000080027b4                HDMI_CEC_IRQHandler
                0x00000000080027b4                DMA1_Stream6_IRQHandler
                0x00000000080027b4                DMA1_Stream1_IRQHandler
                0x00000000080027b4                UART4_IRQHandler
                0x00000000080027b4                TIM3_IRQHandler
                0x00000000080027b4                RCC_IRQHandler
                0x00000000080027b4                TIM8_BRK_TIM12_IRQHandler
                0x00000000080027b4                Default_Handler
                0x00000000080027b4                EXTI15_10_IRQHandler
                0x00000000080027b4                ADC_IRQHandler
                0x00000000080027b4                DMA1_Stream7_IRQHandler
                0x00000000080027b4                TIM7_IRQHandler
                0x00000000080027b4                CAN2_TX_IRQHandler
                0x00000000080027b4                TIM5_IRQHandler
                0x00000000080027b4                DMA2_Stream7_IRQHandler
                0x00000000080027b4                I2C3_EV_IRQHandler
                0x00000000080027b4                EXTI9_5_IRQHandler
                0x00000000080027b4                RTC_WKUP_IRQHandler
                0x00000000080027b4                SPI2_IRQHandler
                0x00000000080027b4                OTG_HS_EP1_IN_IRQHandler
                0x00000000080027b4                MemManage_Handler
                0x00000000080027b4                DMA1_Stream0_IRQHandler
                0x00000000080027b4                CAN1_TX_IRQHandler
                0x00000000080027b4                SVC_Handler
                0x00000000080027b4                EXTI4_IRQHandler
                0x00000000080027b4                OTG_HS_EP1_OUT_IRQHandler
                0x00000000080027b4                WWDG_IRQHandler
                0x00000000080027b4                TIM2_IRQHandler
                0x00000000080027b4                OTG_FS_WKUP_IRQHandler
                0x00000000080027b4                TIM1_TRG_COM_TIM11_IRQHandler
                0x00000000080027b4                OTG_HS_IRQHandler
                0x00000000080027b4                EXTI1_IRQHandler
                0x00000000080027b4                USART2_IRQHandler
                0x00000000080027b4                I2C2_ER_IRQHandler
                0x00000000080027b4                DMA2_Stream1_IRQHandler
                0x00000000080027b4                CAN1_SCE_IRQHandler
                0x00000000080027b4                FLASH_IRQHandler
                0x00000000080027b4                DMA2_Stream4_IRQHandler
                0x00000000080027b4                BusFault_Handler
                0x00000000080027b4                USART1_IRQHandler
                0x00000000080027b4                OTG_FS_IRQHandler
                0x00000000080027b4                SPI3_IRQHandler
                0x00000000080027b4                DMA1_Stream4_IRQHandler
                0x00000000080027b4                I2C1_ER_IRQHandler
                0x00000000080027b4                FMC_IRQHandler
                0x00000000080027b4                DMA2_Stream6_IRQHandler
                0x00000000080027b4                SAI1_IRQHandler
                0x00000000080027b4                DMA1_Stream3_IRQHandler
 *fill*         0x00000000080027b6        0x2 
 .text.__libc_init_array
                0x00000000080027b8       0x48 C:/ST/STM32CubeIDE_1.12.1/STM32CubeIDE/plugins/com.st.stm32cube.ide.mcu.externaltools.gnu-tools-for-stm32.11.3.rel1.win32_1.1.0.202305231506/tools/bin/../lib/gcc/arm-none-eabi/11.3.1/../../../../arm-none-eabi/lib/thumb/v7e-m/nofp\libc_nano.a(libc_a-init.o)
                0x00000000080027b8                __libc_init_array
 *(.glue_7)
 .glue_7        0x0000000008002800        0x0 linker stubs
 *(.glue_7t)
 .glue_7t       0x0000000008002800        0x0 linker stubs
 *(.eh_frame)
 .eh_frame      0x0000000008002800        0x0 C:/ST/STM32CubeIDE_1.12.1/STM32CubeIDE/plugins/com.st.stm32cube.ide.mcu.externaltools.gnu-tools-for-stm32.11.3.rel1.win32_1.1.0.202305231506/tools/bin/../lib/gcc/arm-none-eabi/11.3.1/thumb/v7e-m/nofp/crtbegin.o
 *(.init)
 .init          0x0000000008002800        0x4 C:/ST/STM32CubeIDE_1.12.1/STM32CubeIDE/plugins/com.st.stm32cube.ide.mcu.externaltools.gnu-tools-for-stm32.11.3.rel1.win32_1.1.0.202305231506/tools/bin/../lib/gcc/arm-none-eabi/11.3.1/thumb/v7e-m/nofp/crti.o
                0x0000000008002800                _init
 .init          0x0000000008002804        0x8 C:/ST/STM32CubeIDE_1.12.1/STM32CubeIDE/plugins/com.st.stm32cube.ide.mcu.externaltools.gnu-tools-for-stm32.11.3.rel1.win32_1.1.0.202305231506/tools/bin/../lib/gcc/arm-none-eabi/11.3.1/thumb/v7e-m/nofp/crtn.o
 *(.fini)
 .fini          0x000000000800280c        0x4 C:/ST/STM32CubeIDE_1.12.1/STM32CubeIDE/plugins/com.st.stm32cube.ide.mcu.externaltools.gnu-tools-for-stm32.11.3.rel1.win32_1.1.0.202305231506/tools/bin/../lib/gcc/arm-none-eabi/11.3.1/thumb/v7e-m/nofp/crti.o
                0x000000000800280c                _fini
 .fini          0x0000000008002810        0x8 C:/ST/STM32CubeIDE_1.12.1/STM32CubeIDE/plugins/com.st.stm32cube.ide.mcu.externaltools.gnu-tools-for-stm32.11.3.rel1.win32_1.1.0.202305231506/tools/bin/../lib/gcc/arm-none-eabi/11.3.1/thumb/v7e-m/nofp/crtn.o
                0x0000000008002818                . = ALIGN (0x4)
                0x0000000008002818                _etext = .

.vfp11_veneer   0x0000000008002818        0x0
 .vfp11_veneer  0x0000000008002818        0x0 linker stubs

.v4_bx          0x0000000008002818        0x0
 .v4_bx         0x0000000008002818        0x0 linker stubs

.iplt           0x0000000008002818        0x0
 .iplt          0x0000000008002818        0x0 C:/ST/STM32CubeIDE_1.12.1/STM32CubeIDE/plugins/com.st.stm32cube.ide.mcu.externaltools.gnu-tools-for-stm32.11.3.rel1.win32_1.1.0.202305231506/tools/bin/../lib/gcc/arm-none-eabi/11.3.1/thumb/v7e-m/nofp/crtbegin.o

.rodata         0x0000000008002818       0x10
                0x0000000008002818                . = ALIGN (0x4)
 *(.rodata)
 .rodata        0x0000000008002818       0x10 ./Src/main.o
 *(.rodata*)
                0x0000000008002828                . = ALIGN (0x4)

.rel.dyn        0x0000000008002828        0x0
 .rel.iplt      0x0000000008002828        0x0 C:/ST/STM32CubeIDE_1.12.1/STM32CubeIDE/plugins/com.st.stm32cube.ide.mcu.externaltools.gnu-tools-for-stm32.11.3.rel1.win32_1.1.0.202305231506/tools/bin/../lib/gcc/arm-none-eabi/11.3.1/thumb/v7e-m/nofp/crtbegin.o

.ARM.extab      0x0000000008002828        0x0
                0x0000000008002828                . = ALIGN (0x4)
 *(.ARM.extab* .gnu.linkonce.armextab.*)
                0x0000000008002828                . = ALIGN (0x4)

.ARM            0x0000000008002828        0x0
                0x0000000008002828                . = ALIGN (0x4)
                0x0000000008002828                __exidx_start = .
 *(.ARM.exidx*)
                0x0000000008002828                __exidx_end = .
                0x0000000008002828                . = ALIGN (0x4)

.preinit_array  0x0000000008002828        0x0
                0x0000000008002828                . = ALIGN (0x4)
                0x0000000008002828                PROVIDE (__preinit_array_start = .)
 *(.preinit_array*)
                0x0000000008002828                PROVIDE (__preinit_array_end = .)
                0x0000000008002828                . = ALIGN (0x4)

.init_array     0x0000000008002828        0x4
                0x0000000008002828                . = ALIGN (0x4)
                0x0000000008002828                PROVIDE (__init_array_start = .)
 *(SORT_BY_NAME(.init_array.*))
 *(.init_array*)
 .init_array    0x0000000008002828        0x4 C:/ST/STM32CubeIDE_1.12.1/STM32CubeIDE/plugins/com.st.stm32cube.ide.mcu.externaltools.gnu-tools-for-stm32.11.3.rel1.win32_1.1.0.202305231506/tools/bin/../lib/gcc/arm-none-eabi/11.3.1/thumb/v7e-m/nofp/crtbegin.o
                0x000000000800282c                PROVIDE (__init_array_end = .)
                0x000000000800282c                . = ALIGN (0x4)

.fini_array     0x000000000800282c        0x4
                0x000000000800282c                . = ALIGN (0x4)
                [!provide]                        PROVIDE (__fini_array_start = .)
 *(SORT_BY_NAME(.fini_array.*))
 *(.fini_array*)
 .fini_array    0x000000000800282c        0x4 C:/ST/STM32CubeIDE_1.12.1/STM32CubeIDE/plugins/com.st.stm32cube.ide.mcu.externaltools.gnu-tools-for-stm32.11.3.rel1.win32_1.1.0.202305231506/tools/bin/../lib/gcc/arm-none-eabi/11.3.1/thumb/v7e-m/nofp/crtbegin.o
                [!provide]                        PROVIDE (__fini_array_end = .)
                0x0000000008002830                . = ALIGN (0x4)
                0x0000000008002830                _sidata = LOADADDR (.data)

.data           0x0000000020000000        0x0 load address 0x0000000008002830
                0x0000000020000000                . = ALIGN (0x4)
                0x0000000020000000                _sdata = .
 *(.data)
 *(.data*)
 *(.RamFunc)
 *(.RamFunc*)
                0x0000000020000000                . = ALIGN (0x4)
                0x0000000020000000                _edata = .

.igot.plt       0x0000000020000000        0x0 load address 0x0000000008002830
 .igot.plt      0x0000000020000000        0x0 C:/ST/STM32CubeIDE_1.12.1/STM32CubeIDE/plugins/com.st.stm32cube.ide.mcu.externaltools.gnu-tools-for-stm32.11.3.rel1.win32_1.1.0.202305231506/tools/bin/../lib/gcc/arm-none-eabi/11.3.1/thumb/v7e-m/nofp/crtbegin.o
                0x0000000020000000                . = ALIGN (0x4)

.bss            0x0000000020000000       0x20 load address 0x0000000008002830
                0x0000000020000000                _sbss = .
                0x0000000020000000                __bss_start__ = _sbss
 *(.bss)
 .bss           0x0000000020000000       0x1c C:/ST/STM32CubeIDE_1.12.1/STM32CubeIDE/plugins/com.st.stm32cube.ide.mcu.externaltools.gnu-tools-for-stm32.11.3.rel1.win32_1.1.0.202305231506/tools/bin/../lib/gcc/arm-none-eabi/11.3.1/thumb/v7e-m/nofp/crtbegin.o
 *(.bss*)
 .bss.us_counter
                0x000000002000001c        0x4 ./Drivers/CPU/src/cpu.o
 *(COMMON)
                0x0000000020000020                . = ALIGN (0x4)
                0x0000000020000020                _ebss = .
                0x0000000020000020                __bss_end__ = _ebss

._user_heap_stack
                0x0000000020000020      0x600 load address 0x0000000008002830
                0x0000000020000020                . = ALIGN (0x8)
                [!provide]                        PROVIDE (end = .)
                0x0000000020000020                PROVIDE (_end = .)
                0x0000000020000220                . = (. + _Min_Heap_Size)
 *fill*         0x0000000020000020      0x200 
                0x0000000020000620                . = (. + _Min_Stack_Size)
 *fill*         0x0000000020000220      0x400 
                0x0000000020000620                . = ALIGN (0x8)

/DISCARD/
 libc.a(*)
 libm.a(*)
 libgcc.a(*)

.ARM.attributes
                0x0000000000000000       0x2a
 *(.ARM.attributes)
 .ARM.attributes
                0x0000000000000000       0x1e C:/ST/STM32CubeIDE_1.12.1/STM32CubeIDE/plugins/com.st.stm32cube.ide.mcu.externaltools.gnu-tools-for-stm32.11.3.rel1.win32_1.1.0.202305231506/tools/bin/../lib/gcc/arm-none-eabi/11.3.1/thumb/v7e-m/nofp/crti.o
 .ARM.attributes
                0x000000000000001e       0x2e C:/ST/STM32CubeIDE_1.12.1/STM32CubeIDE/plugins/com.st.stm32cube.ide.mcu.externaltools.gnu-tools-for-stm32.11.3.rel1.win32_1.1.0.202305231506/tools/bin/../lib/gcc/arm-none-eabi/11.3.1/thumb/v7e-m/nofp/crtbegin.o
 .ARM.attributes
                0x000000000000004c       0x2e ./Drivers/CPU/src/cpu.o
 .ARM.attributes
                0x000000000000007a       0x2e ./Drivers/GPIO/src/gpio.o
 .ARM.attributes
                0x00000000000000a8       0x2e ./Drivers/RCC/src/rcc.o
 .ARM.attributes
                0x00000000000000d6       0x2e ./Drivers/UART/src/uart.o
 .ARM.attributes
                0x0000000000000104       0x2e ./Src/main.o
 .ARM.attributes
                0x0000000000000132       0x21 ./Startup/startup_stm32f446retx.o
 .ARM.attributes
                0x0000000000000153       0x2e C:/ST/STM32CubeIDE_1.12.1/STM32CubeIDE/plugins/com.st.stm32cube.ide.mcu.externaltools.gnu-tools-for-stm32.11.3.rel1.win32_1.1.0.202305231506/tools/bin/../lib/gcc/arm-none-eabi/11.3.1/../../../../arm-none-eabi/lib/thumb/v7e-m/nofp\libc_nano.a(libc_a-init.o)
 .ARM.attributes
                0x0000000000000181       0x1c C:/ST/STM32CubeIDE_1.12.1/STM32CubeIDE/plugins/com.st.stm32cube.ide.mcu.externaltools.gnu-tools-for-stm32.11.3.rel1.win32_1.1.0.202305231506/tools/bin/../lib/gcc/arm-none-eabi/11.3.1/../../../../arm-none-eabi/lib/thumb/v7e-m/nofp\libc_nano.a(libc_a-strcmp.o)
 .ARM.attributes
                0x000000000000019d       0x1e C:/ST/STM32CubeIDE_1.12.1/STM32CubeIDE/plugins/com.st.stm32cube.ide.mcu.externaltools.gnu-tools-for-stm32.11.3.rel1.win32_1.1.0.202305231506/tools/bin/../lib/gcc/arm-none-eabi/11.3.1/thumb/v7e-m/nofp\libgcc.a(_arm_addsubdf3.o)
 .ARM.attributes
                0x00000000000001bb       0x1e C:/ST/STM32CubeIDE_1.12.1/STM32CubeIDE/plugins/com.st.stm32cube.ide.mcu.externaltools.gnu-tools-for-stm32.11.3.rel1.win32_1.1.0.202305231506/tools/bin/../lib/gcc/arm-none-eabi/11.3.1/thumb/v7e-m/nofp\libgcc.a(_arm_muldivdf3.o)
 .ARM.attributes
                0x00000000000001d9       0x1e C:/ST/STM32CubeIDE_1.12.1/STM32CubeIDE/plugins/com.st.stm32cube.ide.mcu.externaltools.gnu-tools-for-stm32.11.3.rel1.win32_1.1.0.202305231506/tools/bin/../lib/gcc/arm-none-eabi/11.3.1/thumb/v7e-m/nofp\libgcc.a(_arm_fixunsdfsi.o)
 .ARM.attributes
                0x00000000000001f7       0x1e C:/ST/STM32CubeIDE_1.12.1/STM32CubeIDE/plugins/com.st.stm32cube.ide.mcu.externaltools.gnu-tools-for-stm32.11.3.rel1.win32_1.1.0.202305231506/tools/bin/../lib/gcc/arm-none-eabi/11.3.1/thumb/v7e-m/nofp/crtn.o
OUTPUT(NUCLEO-F446RE.elf elf32-littlearm)
LOAD linker stubs
LOAD C:/ST/STM32CubeIDE_1.12.1/STM32CubeIDE/plugins/com.st.stm32cube.ide.mcu.externaltools.gnu-tools-for-stm32.11.3.rel1.win32_1.1.0.202305231506/tools/bin/../lib/gcc/arm-none-eabi/11.3.1/../../../../arm-none-eabi/lib/thumb/v7e-m/nofp\libc.a
LOAD C:/ST/STM32CubeIDE_1.12.1/STM32CubeIDE/plugins/com.st.stm32cube.ide.mcu.externaltools.gnu-tools-for-stm32.11.3.rel1.win32_1.1.0.202305231506/tools/bin/../lib/gcc/arm-none-eabi/11.3.1/../../../../arm-none-eabi/lib/thumb/v7e-m/nofp\libm.a
LOAD C:/ST/STM32CubeIDE_1.12.1/STM32CubeIDE/plugins/com.st.stm32cube.ide.mcu.externaltools.gnu-tools-for-stm32.11.3.rel1.win32_1.1.0.202305231506/tools/bin/../lib/gcc/arm-none-eabi/11.3.1/thumb/v7e-m/nofp\libgcc.a

.comment        0x0000000000000000       0x43
 .comment       0x0000000000000000       0x43 C:/ST/STM32CubeIDE_1.12.1/STM32CubeIDE/plugins/com.st.stm32cube.ide.mcu.externaltools.gnu-tools-for-stm32.11.3.rel1.win32_1.1.0.202305231506/tools/bin/../lib/gcc/arm-none-eabi/11.3.1/thumb/v7e-m/nofp/crtbegin.o
                                         0x44 (size before relaxing)
 .comment       0x0000000000000043       0x44 ./Drivers/CPU/src/cpu.o
 .comment       0x0000000000000043       0x44 ./Drivers/GPIO/src/gpio.o
 .comment       0x0000000000000043       0x44 ./Drivers/RCC/src/rcc.o
 .comment       0x0000000000000043       0x44 ./Drivers/UART/src/uart.o
 .comment       0x0000000000000043       0x44 ./Src/main.o

.debug_info     0x0000000000000000     0x1644
 .debug_info    0x0000000000000000      0x138 ./Drivers/CPU/src/cpu.o
 .debug_info    0x0000000000000138      0x495 ./Drivers/GPIO/src/gpio.o
 .debug_info    0x00000000000005cd      0x68f ./Drivers/RCC/src/rcc.o
 .debug_info    0x0000000000000c5c      0x31a ./Drivers/UART/src/uart.o
 .debug_info    0x0000000000000f76      0x6ab ./Src/main.o
 .debug_info    0x0000000000001621       0x23 ./Startup/startup_stm32f446retx.o

.debug_abbrev   0x0000000000000000      0x667
 .debug_abbrev  0x0000000000000000       0xca ./Drivers/CPU/src/cpu.o
 .debug_abbrev  0x00000000000000ca      0x196 ./Drivers/GPIO/src/gpio.o
 .debug_abbrev  0x0000000000000260      0x142 ./Drivers/RCC/src/rcc.o
 .debug_abbrev  0x00000000000003a2      0x139 ./Drivers/UART/src/uart.o
 .debug_abbrev  0x00000000000004db      0x17a ./Src/main.o
 .debug_abbrev  0x0000000000000655       0x12 ./Startup/startup_stm32f446retx.o

.debug_aranges  0x0000000000000000      0x198
 .debug_aranges
                0x0000000000000000       0x48 ./Drivers/CPU/src/cpu.o
 .debug_aranges
                0x0000000000000048       0x50 ./Drivers/GPIO/src/gpio.o
 .debug_aranges
                0x0000000000000098       0x78 ./Drivers/RCC/src/rcc.o
 .debug_aranges
                0x0000000000000110       0x40 ./Drivers/UART/src/uart.o
 .debug_aranges
                0x0000000000000150       0x20 ./Src/main.o
 .debug_aranges
                0x0000000000000170       0x28 ./Startup/startup_stm32f446retx.o

.debug_rnglists
                0x0000000000000000      0x120
 .debug_rnglists
                0x0000000000000000       0x31 ./Drivers/CPU/src/cpu.o
 .debug_rnglists
                0x0000000000000031       0x3a ./Drivers/GPIO/src/gpio.o
 .debug_rnglists
                0x000000000000006b       0x5c ./Drivers/RCC/src/rcc.o
 .debug_rnglists
                0x00000000000000c7       0x2c ./Drivers/UART/src/uart.o
 .debug_rnglists
                0x00000000000000f3       0x14 ./Src/main.o
 .debug_rnglists
                0x0000000000000107       0x19 ./Startup/startup_stm32f446retx.o

.debug_macro    0x0000000000000000     0x3561
 .debug_macro   0x0000000000000000       0x7b ./Drivers/CPU/src/cpu.o
 .debug_macro   0x000000000000007b      0xaa8 ./Drivers/CPU/src/cpu.o
 .debug_macro   0x0000000000000b23       0x22 ./Drivers/CPU/src/cpu.o
 .debug_macro   0x0000000000000b45       0x8e ./Drivers/CPU/src/cpu.o
 .debug_macro   0x0000000000000bd3       0x51 ./Drivers/CPU/src/cpu.o
 .debug_macro   0x0000000000000c24      0x103 ./Drivers/CPU/src/cpu.o
 .debug_macro   0x0000000000000d27       0x6a ./Drivers/CPU/src/cpu.o
 .debug_macro   0x0000000000000d91      0x1df ./Drivers/CPU/src/cpu.o
 .debug_macro   0x0000000000000f70       0x22 ./Drivers/CPU/src/cpu.o
 .debug_macro   0x0000000000000f92       0x28 ./Drivers/CPU/src/cpu.o
 .debug_macro   0x0000000000000fba       0x82 ./Drivers/GPIO/src/gpio.o
 .debug_macro   0x000000000000103c      0xfc8 ./Drivers/GPIO/src/gpio.o
 .debug_macro   0x0000000000002004       0x85 ./Drivers/RCC/src/rcc.o
 .debug_macro   0x0000000000002089      0x159 ./Drivers/UART/src/uart.o
 .debug_macro   0x00000000000021e2      0x1a0 ./Src/main.o
 .debug_macro   0x0000000000002382      0x174 ./Src/main.o
 .debug_macro   0x00000000000024f6       0x10 ./Src/main.o
 .debug_macro   0x0000000000002506       0x35 ./Src/main.o
 .debug_macro   0x000000000000253b       0x20 ./Src/main.o
 .debug_macro   0x000000000000255b      0xfce ./Src/main.o
 .debug_macro   0x0000000000003529       0x1c ./Src/main.o
 .debug_macro   0x0000000000003545       0x1c ./Src/main.o

.debug_line     0x0000000000000000     0x3049
 .debug_line    0x0000000000000000      0x523 ./Drivers/CPU/src/cpu.o
 .debug_line    0x0000000000000523     0x15c0 ./Drivers/GPIO/src/gpio.o
 .debug_line    0x0000000000001ae3      0x72c ./Drivers/RCC/src/rcc.o
 .debug_line    0x000000000000220f      0x6ec ./Drivers/UART/src/uart.o
 .debug_line    0x00000000000028fb      0x6d3 ./Src/main.o
 .debug_line    0x0000000000002fce       0x7b ./Startup/startup_stm32f446retx.o

.debug_str      0x0000000000000000     0x9c31
 .debug_str     0x0000000000000000     0x3d44 ./Drivers/CPU/src/cpu.o
                                       0x3ead (size before relaxing)
 .debug_str     0x0000000000003d44     0x1bb5 ./Drivers/GPIO/src/gpio.o
                                       0x587b (size before relaxing)
 .debug_str     0x00000000000058f9      0x6bb ./Drivers/RCC/src/rcc.o
                                       0x5ce6 (size before relaxing)
 .debug_str     0x0000000000005fb4     0x3bad ./Drivers/UART/src/uart.o
                                       0x9200 (size before relaxing)
 .debug_str     0x0000000000009b61       0xa1 ./Src/main.o
                                       0x96c3 (size before relaxing)
 .debug_str     0x0000000000009c02       0x2f ./Startup/startup_stm32f446retx.o
                                         0x63 (size before relaxing)

.debug_frame    0x0000000000000000      0x648
 .debug_frame   0x0000000000000000       0xe4 ./Drivers/CPU/src/cpu.o
 .debug_frame   0x00000000000000e4      0x128 ./Drivers/GPIO/src/gpio.o
 .debug_frame   0x000000000000020c      0x1d0 ./Drivers/RCC/src/rcc.o
 .debug_frame   0x00000000000003dc       0xd0 ./Drivers/UART/src/uart.o
 .debug_frame   0x00000000000004ac       0x30 ./Src/main.o
 .debug_frame   0x00000000000004dc       0x2c C:/ST/STM32CubeIDE_1.12.1/STM32CubeIDE/plugins/com.st.stm32cube.ide.mcu.externaltools.gnu-tools-for-stm32.11.3.rel1.win32_1.1.0.202305231506/tools/bin/../lib/gcc/arm-none-eabi/11.3.1/../../../../arm-none-eabi/lib/thumb/v7e-m/nofp\libc_nano.a(libc_a-init.o)
 .debug_frame   0x0000000000000508       0x20 C:/ST/STM32CubeIDE_1.12.1/STM32CubeIDE/plugins/com.st.stm32cube.ide.mcu.externaltools.gnu-tools-for-stm32.11.3.rel1.win32_1.1.0.202305231506/tools/bin/../lib/gcc/arm-none-eabi/11.3.1/../../../../arm-none-eabi/lib/thumb/v7e-m/nofp\libc_nano.a(libc_a-strcmp.o)
 .debug_frame   0x0000000000000528       0xac C:/ST/STM32CubeIDE_1.12.1/STM32CubeIDE/plugins/com.st.stm32cube.ide.mcu.externaltools.gnu-tools-for-stm32.11.3.rel1.win32_1.1.0.202305231506/tools/bin/../lib/gcc/arm-none-eabi/11.3.1/thumb/v7e-m/nofp\libgcc.a(_arm_addsubdf3.o)
 .debug_frame   0x00000000000005d4       0x50 C:/ST/STM32CubeIDE_1.12.1/STM32CubeIDE/plugins/com.st.stm32cube.ide.mcu.externaltools.gnu-tools-for-stm32.11.3.rel1.win32_1.1.0.202305231506/tools/bin/../lib/gcc/arm-none-eabi/11.3.1/thumb/v7e-m/nofp\libgcc.a(_arm_muldivdf3.o)
 .debug_frame   0x0000000000000624       0x24 C:/ST/STM32CubeIDE_1.12.1/STM32CubeIDE/plugins/com.st.stm32cube.ide.mcu.externaltools.gnu-tools-for-stm32.11.3.rel1.win32_1.1.0.202305231506/tools/bin/../lib/gcc/arm-none-eabi/11.3.1/thumb/v7e-m/nofp\libgcc.a(_arm_fixunsdfsi.o)

.debug_line_str
                0x0000000000000000       0x57
 .debug_line_str
                0x0000000000000000       0x57 ./Startup/startup_stm32f446retx.o
                                         0x6f (size before relaxing)
